---
source: crates/oxc_linter/src/tester.rs
---
  ⚠ eslint-plugin-promise(catch-or-return): Expected catch or return
   ╭─[catch_or_return.tsx:1:37]
 1 │ function callPromise(promise, cb) { promise.then(cb) }
   ·                                     ────────────────
   ╰────

  ⚠ eslint-plugin-promise(catch-or-return): Expected catch or return
   ╭─[catch_or_return.tsx:1:1]
 1 │ fetch("http://www.yahoo.com").then(console.log.bind(console))
   · ─────────────────────────────────────────────────────────────
   ╰────

  ⚠ eslint-plugin-promise(catch-or-return): Expected catch or return
   ╭─[catch_or_return.tsx:1:1]
 1 │ a.then(function() { return "x"; }).then(function(y) { throw y; })
   · ─────────────────────────────────────────────────────────────────
   ╰────

  ⚠ eslint-plugin-promise(catch-or-return): Expected catch or return
   ╭─[catch_or_return.tsx:1:1]
 1 │ Promise.resolve(frank)
   · ──────────────────────
   ╰────

  ⚠ eslint-plugin-promise(catch-or-return): Expected catch or return
   ╭─[catch_or_return.tsx:1:1]
 1 │ Promise.all([])
   · ───────────────
   ╰────

  ⚠ eslint-plugin-promise(catch-or-return): Expected catch or return
   ╭─[catch_or_return.tsx:1:1]
 1 │ Promise.allSettled([])
   · ──────────────────────
   ╰────

  ⚠ eslint-plugin-promise(catch-or-return): Expected catch or return
   ╭─[catch_or_return.tsx:1:1]
 1 │ Promise.any([])
   · ───────────────
   ╰────

  ⚠ eslint-plugin-promise(catch-or-return): Expected catch or return
   ╭─[catch_or_return.tsx:1:1]
 1 │ Promise.race([])
   · ────────────────
   ╰────

  ⚠ eslint-plugin-promise(catch-or-return): Expected catch or return
   ╭─[catch_or_return.tsx:1:1]
 1 │ frank().then(to).catch(fn).then(foo)
   · ────────────────────────────────────
   ╰────

  ⚠ eslint-plugin-promise(catch-or-return): Expected catch or return
   ╭─[catch_or_return.tsx:1:1]
 1 │ frank().finally(fn)
   · ───────────────────
   ╰────

  ⚠ eslint-plugin-promise(catch-or-return): Expected catch or return
   ╭─[catch_or_return.tsx:1:1]
 1 │ frank().then(to).finally(fn)
   · ────────────────────────────
   ╰────

  ⚠ eslint-plugin-promise(catch-or-return): Expected catch or return
   ╭─[catch_or_return.tsx:1:1]
 1 │ frank().then(go).catch(doIt).finally(fn)
   · ────────────────────────────────────────
   ╰────

  ⚠ eslint-plugin-promise(catch-or-return): Expected catch or return
   ╭─[catch_or_return.tsx:1:1]
 1 │ frank().then(go).then().then().then().catch(doIt).finally(fn)
   · ─────────────────────────────────────────────────────────────
   ╰────

  ⚠ eslint-plugin-promise(catch-or-return): Expected catch or return
   ╭─[catch_or_return.tsx:1:1]
 1 │ frank().then(go).then().catch(function() { /* why bother */ }).finally(fn)
   · ──────────────────────────────────────────────────────────────────────────
   ╰────

  ⚠ eslint-plugin-promise(catch-or-return): Expected catch or return
   ╭─[catch_or_return.tsx:1:16]
 1 │ function a() { frank().then(go) }
   ·                ────────────────
   ╰────

  ⚠ eslint-plugin-promise(catch-or-return): Expected catch or return
   ╭─[catch_or_return.tsx:1:16]
 1 │ function a() { frank().then(go).then().then().then() }
   ·                ─────────────────────────────────────
   ╰────

  ⚠ eslint-plugin-promise(catch-or-return): Expected catch or return
   ╭─[catch_or_return.tsx:1:16]
 1 │ function a() { frank().then(go).then()}
   ·                ───────────────────────
   ╰────

  ⚠ eslint-plugin-promise(catch-or-return): Expected catch or return
   ╭─[catch_or_return.tsx:1:16]
 1 │ function a() { frank.then(go).then(to) }
   ·                ───────────────────────
   ╰────

  ⚠ eslint-plugin-promise(catch-or-return): Expected catch or return
   ╭─[catch_or_return.tsx:1:1]
 1 │ frank().then(go).catch(doIt).finally(fn).then(foo)
   · ──────────────────────────────────────────────────
   ╰────

  ⚠ eslint-plugin-promise(catch-or-return): Expected catch or return
   ╭─[catch_or_return.tsx:1:1]
 1 │ frank().then(go).catch(doIt).finally(fn).foobar(foo)
   · ────────────────────────────────────────────────────
   ╰────

  ⚠ eslint-plugin-promise(catch-or-return): Expected done or return
   ╭─[catch_or_return.tsx:1:1]
 1 │ frank().then(go)
   · ────────────────
   ╰────

  ⚠ eslint-plugin-promise(catch-or-return): Expected done or return
   ╭─[catch_or_return.tsx:1:1]
 1 │ frank().catch(go)
   · ─────────────────
   ╰────

  ⚠ eslint-plugin-promise(catch-or-return): Expected catch or return
   ╭─[catch_or_return.tsx:1:1]
 1 │ frank().catch(go).someOtherMethod()
   · ───────────────────────────────────
   ╰────

  ⚠ eslint-plugin-promise(catch-or-return): Expected catch or return
   ╭─[catch_or_return.tsx:1:1]
 1 │ frank()['catch'](go).someOtherMethod()
   · ──────────────────────────────────────
   ╰────
