---
source: crates/oxc_linter/src/tester.rs
---
  ⚠ eslint-plugin-promise(no-new-statics): Disallow calling `new` on a Promise static method
   ╭─[no_new_statics.tsx:1:1]
 1 │ new Promise.resolve()
   · ─────────────────────
   ╰────

  ⚠ eslint-plugin-promise(no-new-statics): Disallow calling `new` on a Promise static method
   ╭─[no_new_statics.tsx:1:1]
 1 │ new Promise.reject()
   · ────────────────────
   ╰────

  ⚠ eslint-plugin-promise(no-new-statics): Disallow calling `new` on a Promise static method
   ╭─[no_new_statics.tsx:1:1]
 1 │ new Promise.all()
   · ─────────────────
   ╰────

  ⚠ eslint-plugin-promise(no-new-statics): Disallow calling `new` on a Promise static method
   ╭─[no_new_statics.tsx:1:1]
 1 │ new Promise.allSettled()
   · ────────────────────────
   ╰────

  ⚠ eslint-plugin-promise(no-new-statics): Disallow calling `new` on a Promise static method
   ╭─[no_new_statics.tsx:1:1]
 1 │ new Promise.any()
   · ─────────────────
   ╰────

  ⚠ eslint-plugin-promise(no-new-statics): Disallow calling `new` on a Promise static method
   ╭─[no_new_statics.tsx:1:1]
 1 │ new Promise.race()
   · ──────────────────
   ╰────

  ⚠ eslint-plugin-promise(no-new-statics): Disallow calling `new` on a Promise static method
   ╭─[no_new_statics.tsx:3:13]
 2 │               var a = getA()
 3 │               return new Promise.resolve(a)
   ·                      ──────────────────────
 4 │             }
   ╰────
